abwiki-20210918-categories.ttl.gz
acewiki-20210918-categories.ttl.gz
adywiki-20210918-categories.ttl.gz
afwiki-20210918-categories.ttl.gz
afwikibooks-20210918-categories.ttl.gz
afwikiquote-20210918-categories.ttl.gz
afwiktionary-20210918-categories.ttl.gz
akwiki-20210918-categories.ttl.gz
alswiki-20210918-categories.ttl.gz
amwiki-20210918-categories.ttl.gz
amwikimedia-20210918-categories.ttl.gz
amwiktionary-20210918-categories.ttl.gz
angwiki-20210918-categories.ttl.gz
angwiktionary-20210918-categories.ttl.gz
anwiki-20210918-categories.ttl.gz
anwiktionary-20210918-categories.ttl.gz
arcwiki-20210918-categories.ttl.gz
arwiki-20210918-categories.ttl.gz
arwikibooks-20210918-categories.ttl.gz
arwikimedia-20210918-categories.ttl.gz
arwikinews-20210918-categories.ttl.gz
arwikiquote-20210918-categories.ttl.gz
arwikisource-20210918-categories.ttl.gz
arwikiversity-20210918-categories.ttl.gz
arwiktionary-20210918-categories.ttl.gz
arzwiki-20210918-categories.ttl.gz
astwiki-20210918-categories.ttl.gz
astwiktionary-20210918-categories.ttl.gz
aswiki-20210918-categories.ttl.gz
aswikisource-20210918-categories.ttl.gz
atjwiki-20210918-categories.ttl.gz
avwiki-20210918-categories.ttl.gz
aywiki-20210918-categories.ttl.gz
aywiktionary-20210918-categories.ttl.gz
azbwiki-20210918-categories.ttl.gz
azwiki-20210918-categories.ttl.gz
azwikibooks-20210918-categories.ttl.gz
azwikiquote-20210918-categories.ttl.gz
azwikisource-20210918-categories.ttl.gz
azwiktionary-20210918-categories.ttl.gz
barwiki-20210918-categories.ttl.gz
bat_smgwiki-20210918-categories.ttl.gz
bawiki-20210918-categories.ttl.gz
bawikibooks-20210918-categories.ttl.gz
bclwiki-20210918-categories.ttl.gz
bdwikimedia-20210918-categories.ttl.gz
betawikiversity-20210918-categories.ttl.gz
bewiki-20210918-categories.ttl.gz
bewikibooks-20210918-categories.ttl.gz
bewikimedia-20210918-categories.ttl.gz
bewikiquote-20210918-categories.ttl.gz
bewikisource-20210918-categories.ttl.gz
bewiktionary-20210918-categories.ttl.gz
be_x_oldwiki-20210918-categories.ttl.gz
bgwiki-20210918-categories.ttl.gz
bgwikibooks-20210918-categories.ttl.gz
bgwikinews-20210918-categories.ttl.gz
bgwikiquote-20210918-categories.ttl.gz
bgwikisource-20210918-categories.ttl.gz
bgwiktionary-20210918-categories.ttl.gz
bhwiki-20210918-categories.ttl.gz
biwiki-20210918-categories.ttl.gz
bjnwiki-20210918-categories.ttl.gz
bmwiki-20210918-categories.ttl.gz
bnwiki-20210918-categories.ttl.gz
bnwikibooks-20210918-categories.ttl.gz
bnwikisource-20210918-categories.ttl.gz
bnwiktionary-20210918-categories.ttl.gz
bowiki-20210918-categories.ttl.gz
bpywiki-20210918-categories.ttl.gz
brwiki-20210918-categories.ttl.gz
brwikimedia-20210918-categories.ttl.gz
brwikiquote-20210918-categories.ttl.gz
brwikisource-20210918-categories.ttl.gz
brwiktionary-20210918-categories.ttl.gz
bswiki-20210918-categories.ttl.gz
bswikibooks-20210918-categories.ttl.gz
bswikinews-20210918-categories.ttl.gz
bswikiquote-20210918-categories.ttl.gz
bswikisource-20210918-categories.ttl.gz
bswiktionary-20210918-categories.ttl.gz
bugwiki-20210918-categories.ttl.gz
bxrwiki-20210918-categories.ttl.gz
cawiki-20210918-categories.ttl.gz
cawikibooks-20210918-categories.ttl.gz
cawikimedia-20210918-categories.ttl.gz
cawikinews-20210918-categories.ttl.gz
cawikiquote-20210918-categories.ttl.gz
cawikisource-20210918-categories.ttl.gz
cawiktionary-20210918-categories.ttl.gz
cbk_zamwiki-20210918-categories.ttl.gz
cdowiki-20210918-categories.ttl.gz
cebwiki-20210918-categories.ttl.gz
cewiki-20210918-categories.ttl.gz
chrwiki-20210918-categories.ttl.gz
chrwiktionary-20210918-categories.ttl.gz
chwiki-20210918-categories.ttl.gz
chywiki-20210918-categories.ttl.gz
ckbwiki-20210918-categories.ttl.gz
cnwikimedia-20210918-categories.ttl.gz
commonswiki-20210918-categories.ttl.gz
cowiki-20210918-categories.ttl.gz
cowikimedia-20210918-categories.ttl.gz
cowiktionary-20210918-categories.ttl.gz
crhwiki-20210918-categories.ttl.gz
crwiki-20210918-categories.ttl.gz
csbwiki-20210918-categories.ttl.gz
csbwiktionary-20210918-categories.ttl.gz
cswiki-20210918-categories.ttl.gz
cswikibooks-20210918-categories.ttl.gz
cswikinews-20210918-categories.ttl.gz
cswikiquote-20210918-categories.ttl.gz
cswikisource-20210918-categories.ttl.gz
cswikiversity-20210918-categories.ttl.gz
cswiktionary-20210918-categories.ttl.gz
cuwiki-20210918-categories.ttl.gz
cvwiki-20210918-categories.ttl.gz
cvwikibooks-20210918-categories.ttl.gz
cywiki-20210918-categories.ttl.gz
cywikibooks-20210918-categories.ttl.gz
cywikiquote-20210918-categories.ttl.gz
cywikisource-20210918-categories.ttl.gz
cywiktionary-20210918-categories.ttl.gz
dawiki-20210918-categories.ttl.gz
dawikibooks-20210918-categories.ttl.gz
dawikiquote-20210918-categories.ttl.gz
dawikisource-20210918-categories.ttl.gz
dawiktionary-20210918-categories.ttl.gz
dewiki-20210918-categories.ttl.gz
dewikibooks-20210918-categories.ttl.gz
dewikinews-20210918-categories.ttl.gz
dewikiquote-20210918-categories.ttl.gz
dewikisource-20210918-categories.ttl.gz
dewikiversity-20210918-categories.ttl.gz
dewikivoyage-20210918-categories.ttl.gz
dewiktionary-20210918-categories.ttl.gz
dinwiki-20210918-categories.ttl.gz
diqwiki-20210918-categories.ttl.gz
dkwikimedia-20210918-categories.ttl.gz
donatewiki-20210918-categories.ttl.gz
dsbwiki-20210918-categories.ttl.gz
dtywiki-20210918-categories.ttl.gz
dvwiki-20210918-categories.ttl.gz
dvwiktionary-20210918-categories.ttl.gz
dzwiki-20210918-categories.ttl.gz
eewiki-20210918-categories.ttl.gz
elwiki-20210918-categories.ttl.gz
elwikibooks-20210918-categories.ttl.gz
elwikinews-20210918-categories.ttl.gz
elwikiquote-20210918-categories.ttl.gz
elwikisource-20210918-categories.ttl.gz
elwikiversity-20210918-categories.ttl.gz
elwikivoyage-20210918-categories.ttl.gz
elwiktionary-20210918-categories.ttl.gz
emlwiki-20210918-categories.ttl.gz
enwiki-20210918-categories.ttl.gz
enwikibooks-20210918-categories.ttl.gz
enwikinews-20210918-categories.ttl.gz
enwikiquote-20210918-categories.ttl.gz
enwikisource-20210918-categories.ttl.gz
enwikiversity-20210918-categories.ttl.gz
enwikivoyage-20210918-categories.ttl.gz
enwiktionary-20210918-categories.ttl.gz
eowiki-20210918-categories.ttl.gz
eowikibooks-20210918-categories.ttl.gz
eowikinews-20210918-categories.ttl.gz
eowikiquote-20210918-categories.ttl.gz
eowikisource-20210918-categories.ttl.gz
eowikivoyage-20210918-categories.ttl.gz
eowiktionary-20210918-categories.ttl.gz
eswiki-20210918-categories.ttl.gz
eswikibooks-20210918-categories.ttl.gz
eswikinews-20210918-categories.ttl.gz
eswikiquote-20210918-categories.ttl.gz
eswikisource-20210918-categories.ttl.gz
eswikiversity-20210918-categories.ttl.gz
eswikivoyage-20210918-categories.ttl.gz
eswiktionary-20210918-categories.ttl.gz
etwiki-20210918-categories.ttl.gz
etwikibooks-20210918-categories.ttl.gz
etwikimedia-20210918-categories.ttl.gz
etwikiquote-20210918-categories.ttl.gz
etwikisource-20210918-categories.ttl.gz
etwiktionary-20210918-categories.ttl.gz
euwiki-20210918-categories.ttl.gz
euwikibooks-20210918-categories.ttl.gz
euwikiquote-20210918-categories.ttl.gz
euwikisource-20210918-categories.ttl.gz
euwiktionary-20210918-categories.ttl.gz
extwiki-20210918-categories.ttl.gz
fawiki-20210918-categories.ttl.gz
fawikibooks-20210918-categories.ttl.gz
fawikinews-20210918-categories.ttl.gz
fawikiquote-20210918-categories.ttl.gz
fawikisource-20210918-categories.ttl.gz
fawikivoyage-20210918-categories.ttl.gz
fawiktionary-20210918-categories.ttl.gz
ffwiki-20210918-categories.ttl.gz
fiu_vrowiki-20210918-categories.ttl.gz
fiwiki-20210918-categories.ttl.gz
fiwikibooks-20210918-categories.ttl.gz
fiwikimedia-20210918-categories.ttl.gz
fiwikinews-20210918-categories.ttl.gz
fiwikiquote-20210918-categories.ttl.gz
fiwikisource-20210918-categories.ttl.gz
fiwikiversity-20210918-categories.ttl.gz
fiwikivoyage-20210918-categories.ttl.gz
fiwiktionary-20210918-categories.ttl.gz
fjwiki-20210918-categories.ttl.gz
fjwiktionary-20210918-categories.ttl.gz
foundationwiki-20210918-categories.ttl.gz
fowiki-20210918-categories.ttl.gz
fowikisource-20210918-categories.ttl.gz
fowiktionary-20210918-categories.ttl.gz
frpwiki-20210918-categories.ttl.gz
frrwiki-20210918-categories.ttl.gz
frwiki-20210918-categories.ttl.gz
frwikibooks-20210918-categories.ttl.gz
frwikinews-20210918-categories.ttl.gz
frwikiquote-20210918-categories.ttl.gz
frwikisource-20210918-categories.ttl.gz
frwikiversity-20210918-categories.ttl.gz
frwikivoyage-20210918-categories.ttl.gz
frwiktionary-20210918-categories.ttl.gz
furwiki-20210918-categories.ttl.gz
fywiki-20210918-categories.ttl.gz
fywikibooks-20210918-categories.ttl.gz
fywiktionary-20210918-categories.ttl.gz
gagwiki-20210918-categories.ttl.gz
ganwiki-20210918-categories.ttl.gz
gawiki-20210918-categories.ttl.gz
gawiktionary-20210918-categories.ttl.gz
gdwiki-20210918-categories.ttl.gz
gdwiktionary-20210918-categories.ttl.gz
glkwiki-20210918-categories.ttl.gz
glwiki-20210918-categories.ttl.gz
glwikibooks-20210918-categories.ttl.gz
glwikiquote-20210918-categories.ttl.gz
glwikisource-20210918-categories.ttl.gz
glwiktionary-20210918-categories.ttl.gz
gnwiki-20210918-categories.ttl.gz
gnwiktionary-20210918-categories.ttl.gz
gomwiki-20210918-categories.ttl.gz
gorwiki-20210918-categories.ttl.gz
gotwiki-20210918-categories.ttl.gz
guwiki-20210918-categories.ttl.gz
guwikiquote-20210918-categories.ttl.gz
guwikisource-20210918-categories.ttl.gz
guwiktionary-20210918-categories.ttl.gz
gvwiki-20210918-categories.ttl.gz
gvwiktionary-20210918-categories.ttl.gz
hakwiki-20210918-categories.ttl.gz
hawiki-20210918-categories.ttl.gz
hawiktionary-20210918-categories.ttl.gz
hawwiki-20210918-categories.ttl.gz
hewiki-20210918-categories.ttl.gz
hewikibooks-20210918-categories.ttl.gz
hewikinews-20210918-categories.ttl.gz
hewikiquote-20210918-categories.ttl.gz
hewikisource-20210918-categories.ttl.gz
hewikivoyage-20210918-categories.ttl.gz
hewiktionary-20210918-categories.ttl.gz
hifwiki-20210918-categories.ttl.gz
hifwiktionary-20210918-categories.ttl.gz
hiwiki-20210918-categories.ttl.gz
hiwikibooks-20210918-categories.ttl.gz
hiwikimedia-20210918-categories.ttl.gz
hiwikiquote-20210918-categories.ttl.gz
hiwikiversity-20210918-categories.ttl.gz
hiwikivoyage-20210918-categories.ttl.gz
hiwiktionary-20210918-categories.ttl.gz
hrwiki-20210918-categories.ttl.gz
hrwikibooks-20210918-categories.ttl.gz
hrwikiquote-20210918-categories.ttl.gz
hrwikisource-20210918-categories.ttl.gz
hrwiktionary-20210918-categories.ttl.gz
hsbwiki-20210918-categories.ttl.gz
hsbwiktionary-20210918-categories.ttl.gz
htwiki-20210918-categories.ttl.gz
huwiki-20210918-categories.ttl.gz
huwikibooks-20210918-categories.ttl.gz
huwikiquote-20210918-categories.ttl.gz
huwikisource-20210918-categories.ttl.gz
huwiktionary-20210918-categories.ttl.gz
hywiki-20210918-categories.ttl.gz
hywikibooks-20210918-categories.ttl.gz
hywikiquote-20210918-categories.ttl.gz
hywikisource-20210918-categories.ttl.gz
hywiktionary-20210918-categories.ttl.gz
iawiki-20210918-categories.ttl.gz
iawikibooks-20210918-categories.ttl.gz
iawiktionary-20210918-categories.ttl.gz
idwiki-20210918-categories.ttl.gz
idwikibooks-20210918-categories.ttl.gz
idwikiquote-20210918-categories.ttl.gz
idwikisource-20210918-categories.ttl.gz
idwiktionary-20210918-categories.ttl.gz
iewiki-20210918-categories.ttl.gz
iewiktionary-20210918-categories.ttl.gz
igwiki-20210918-categories.ttl.gz
ikwiki-20210918-categories.ttl.gz
ilowiki-20210918-categories.ttl.gz
incubatorwiki-20210918-categories.ttl.gz
inhwiki-20210918-categories.ttl.gz
iowiki-20210918-categories.ttl.gz
iowiktionary-20210918-categories.ttl.gz
iswiki-20210918-categories.ttl.gz
iswikibooks-20210918-categories.ttl.gz
iswikiquote-20210918-categories.ttl.gz
iswikisource-20210918-categories.ttl.gz
iswiktionary-20210918-categories.ttl.gz
itwiki-20210918-categories.ttl.gz
itwikibooks-20210918-categories.ttl.gz
itwikinews-20210918-categories.ttl.gz
itwikiquote-20210918-categories.ttl.gz
itwikisource-20210918-categories.ttl.gz
itwikiversity-20210918-categories.ttl.gz
itwikivoyage-20210918-categories.ttl.gz
itwiktionary-20210918-categories.ttl.gz
iuwiki-20210918-categories.ttl.gz
iuwiktionary-20210918-categories.ttl.gz
jamwiki-20210918-categories.ttl.gz
jawiki-20210918-categories.ttl.gz
jawikibooks-20210918-categories.ttl.gz
jawikinews-20210918-categories.ttl.gz
jawikiquote-20210918-categories.ttl.gz
jawikisource-20210918-categories.ttl.gz
jawikiversity-20210918-categories.ttl.gz
jawiktionary-20210918-categories.ttl.gz
jbowiki-20210918-categories.ttl.gz
jbowiktionary-20210918-categories.ttl.gz
jvwiki-20210918-categories.ttl.gz
jvwiktionary-20210918-categories.ttl.gz
kaawiki-20210918-categories.ttl.gz
kabwiki-20210918-categories.ttl.gz
kawiki-20210918-categories.ttl.gz
kawikibooks-20210918-categories.ttl.gz
kawikiquote-20210918-categories.ttl.gz
kawiktionary-20210918-categories.ttl.gz
kbdwiki-20210918-categories.ttl.gz
kbpwiki-20210918-categories.ttl.gz
kgwiki-20210918-categories.ttl.gz
kiwiki-20210918-categories.ttl.gz
kkwiki-20210918-categories.ttl.gz
kkwikibooks-20210918-categories.ttl.gz
kkwiktionary-20210918-categories.ttl.gz
klwiki-20210918-categories.ttl.gz
klwiktionary-20210918-categories.ttl.gz
kmwiki-20210918-categories.ttl.gz
kmwikibooks-20210918-categories.ttl.gz
kmwiktionary-20210918-categories.ttl.gz
knwiki-20210918-categories.ttl.gz
knwikiquote-20210918-categories.ttl.gz
knwikisource-20210918-categories.ttl.gz
knwiktionary-20210918-categories.ttl.gz
koiwiki-20210918-categories.ttl.gz
kowiki-20210918-categories.ttl.gz
kowikibooks-20210918-categories.ttl.gz
kowikinews-20210918-categories.ttl.gz
kowikiquote-20210918-categories.ttl.gz
kowikisource-20210918-categories.ttl.gz
kowikiversity-20210918-categories.ttl.gz
kowiktionary-20210918-categories.ttl.gz
krcwiki-20210918-categories.ttl.gz
kshwiki-20210918-categories.ttl.gz
kswiki-20210918-categories.ttl.gz
kswiktionary-20210918-categories.ttl.gz
kuwiki-20210918-categories.ttl.gz
kuwikibooks-20210918-categories.ttl.gz
kuwikiquote-20210918-categories.ttl.gz
kuwiktionary-20210918-categories.ttl.gz
kvwiki-20210918-categories.ttl.gz
kwwiki-20210918-categories.ttl.gz
kwwiktionary-20210918-categories.ttl.gz
kywiki-20210918-categories.ttl.gz
kywikibooks-20210918-categories.ttl.gz
kywikiquote-20210918-categories.ttl.gz
kywiktionary-20210918-categories.ttl.gz
ladwiki-20210918-categories.ttl.gz
lawiki-20210918-categories.ttl.gz
lawikibooks-20210918-categories.ttl.gz
lawikiquote-20210918-categories.ttl.gz
lawikisource-20210918-categories.ttl.gz
lawiktionary-20210918-categories.ttl.gz
lbewiki-20210918-categories.ttl.gz
lbwiki-20210918-categories.ttl.gz
lbwiktionary-20210918-categories.ttl.gz
lezwiki-20210918-categories.ttl.gz
lfnwiki-20210918-categories.ttl.gz
lgwiki-20210918-categories.ttl.gz
lijwiki-20210918-categories.ttl.gz
liwiki-20210918-categories.ttl.gz
liwikibooks-20210918-categories.ttl.gz
liwikiquote-20210918-categories.ttl.gz
liwikisource-20210918-categories.ttl.gz
liwiktionary-20210918-categories.ttl.gz
lmowiki-20210918-categories.ttl.gz
lnwiki-20210918-categories.ttl.gz
lnwiktionary-20210918-categories.ttl.gz
loginwiki-20210918-categories.ttl.gz
lowiki-20210918-categories.ttl.gz
lowiktionary-20210918-categories.ttl.gz
lrcwiki-20210918-categories.ttl.gz
ltgwiki-20210918-categories.ttl.gz
ltwiki-20210918-categories.ttl.gz
ltwikibooks-20210918-categories.ttl.gz
ltwikiquote-20210918-categories.ttl.gz
ltwikisource-20210918-categories.ttl.gz
ltwiktionary-20210918-categories.ttl.gz
lvwiki-20210918-categories.ttl.gz
lvwiktionary-20210918-categories.ttl.gz
maiwiki-20210918-categories.ttl.gz
maiwikimedia-20210918-categories.ttl.gz
map_bmswiki-20210918-categories.ttl.gz
mdfwiki-20210918-categories.ttl.gz
mediawikiwiki-20210918-categories.ttl.gz
metawiki-20210918-categories.ttl.gz
mgwiki-20210918-categories.ttl.gz
mgwikibooks-20210918-categories.ttl.gz
mgwiktionary-20210918-categories.ttl.gz
mhrwiki-20210918-categories.ttl.gz
minwiki-20210918-categories.ttl.gz
miwiki-20210918-categories.ttl.gz
miwiktionary-20210918-categories.ttl.gz
mkwiki-20210918-categories.ttl.gz
mkwikibooks-20210918-categories.ttl.gz
mkwikimedia-20210918-categories.ttl.gz
mkwikisource-20210918-categories.ttl.gz
mkwiktionary-20210918-categories.ttl.gz
mlwiki-20210918-categories.ttl.gz
mlwikibooks-20210918-categories.ttl.gz
mlwikiquote-20210918-categories.ttl.gz
mlwikisource-20210918-categories.ttl.gz
mlwiktionary-20210918-categories.ttl.gz
mnwiki-20210918-categories.ttl.gz
mnwiktionary-20210918-categories.ttl.gz
mrjwiki-20210918-categories.ttl.gz
mrwiki-20210918-categories.ttl.gz
mrwikibooks-20210918-categories.ttl.gz
mrwikiquote-20210918-categories.ttl.gz
mrwikisource-20210918-categories.ttl.gz
mrwiktionary-20210918-categories.ttl.gz
mswiki-20210918-categories.ttl.gz
mswikibooks-20210918-categories.ttl.gz
mswiktionary-20210918-categories.ttl.gz
mtwiki-20210918-categories.ttl.gz
mtwiktionary-20210918-categories.ttl.gz
mwlwiki-20210918-categories.ttl.gz
mxwikimedia-20210918-categories.ttl.gz
myvwiki-20210918-categories.ttl.gz
mywiki-20210918-categories.ttl.gz
mywiktionary-20210918-categories.ttl.gz
mznwiki-20210918-categories.ttl.gz
nahwiki-20210918-categories.ttl.gz
nahwiktionary-20210918-categories.ttl.gz
napwiki-20210918-categories.ttl.gz
nawiki-20210918-categories.ttl.gz
nawiktionary-20210918-categories.ttl.gz
nds_nlwiki-20210918-categories.ttl.gz
ndswiki-20210918-categories.ttl.gz
ndswiktionary-20210918-categories.ttl.gz
newiki-20210918-categories.ttl.gz
newikibooks-20210918-categories.ttl.gz
newiktionary-20210918-categories.ttl.gz
newwiki-20210918-categories.ttl.gz
ngwikimedia-20210918-categories.ttl.gz
nlwiki-20210918-categories.ttl.gz
nlwikibooks-20210918-categories.ttl.gz
nlwikimedia-20210918-categories.ttl.gz
nlwikinews-20210918-categories.ttl.gz
nlwikiquote-20210918-categories.ttl.gz
nlwikisource-20210918-categories.ttl.gz
nlwikivoyage-20210918-categories.ttl.gz
nlwiktionary-20210918-categories.ttl.gz
nnwiki-20210918-categories.ttl.gz
nnwikiquote-20210918-categories.ttl.gz
nnwiktionary-20210918-categories.ttl.gz
nostalgiawiki-20210918-categories.ttl.gz
novwiki-20210918-categories.ttl.gz
nowiki-20210918-categories.ttl.gz
nowikibooks-20210918-categories.ttl.gz
nowikimedia-20210918-categories.ttl.gz
nowikinews-20210918-categories.ttl.gz
nowikiquote-20210918-categories.ttl.gz
nowikisource-20210918-categories.ttl.gz
nowiktionary-20210918-categories.ttl.gz
nrmwiki-20210918-categories.ttl.gz
nsowiki-20210918-categories.ttl.gz
nvwiki-20210918-categories.ttl.gz
nycwikimedia-20210918-categories.ttl.gz
nywiki-20210918-categories.ttl.gz
ocwiki-20210918-categories.ttl.gz
ocwikibooks-20210918-categories.ttl.gz
ocwiktionary-20210918-categories.ttl.gz
olowiki-20210918-categories.ttl.gz
omwiki-20210918-categories.ttl.gz
omwiktionary-20210918-categories.ttl.gz
orwiki-20210918-categories.ttl.gz
orwikisource-20210918-categories.ttl.gz
orwiktionary-20210918-categories.ttl.gz
oswiki-20210918-categories.ttl.gz
outreachwiki-20210918-categories.ttl.gz
pagwiki-20210918-categories.ttl.gz
pamwiki-20210918-categories.ttl.gz
papwiki-20210918-categories.ttl.gz
pawiki-20210918-categories.ttl.gz
pawikibooks-20210918-categories.ttl.gz
pawikisource-20210918-categories.ttl.gz
pawiktionary-20210918-categories.ttl.gz
pcdwiki-20210918-categories.ttl.gz
pdcwiki-20210918-categories.ttl.gz
pflwiki-20210918-categories.ttl.gz
pihwiki-20210918-categories.ttl.gz
piwiki-20210918-categories.ttl.gz
plwiki-20210918-categories.ttl.gz
plwikibooks-20210918-categories.ttl.gz
plwikimedia-20210918-categories.ttl.gz
plwikinews-20210918-categories.ttl.gz
plwikiquote-20210918-categories.ttl.gz
plwikisource-20210918-categories.ttl.gz
plwikivoyage-20210918-categories.ttl.gz
plwiktionary-20210918-categories.ttl.gz
pmswiki-20210918-categories.ttl.gz
pnbwiki-20210918-categories.ttl.gz
pnbwiktionary-20210918-categories.ttl.gz
pntwiki-20210918-categories.ttl.gz
pswiki-20210918-categories.ttl.gz
pswiktionary-20210918-categories.ttl.gz
ptwiki-20210918-categories.ttl.gz
ptwikibooks-20210918-categories.ttl.gz
ptwikimedia-20210918-categories.ttl.gz
ptwikinews-20210918-categories.ttl.gz
ptwikiquote-20210918-categories.ttl.gz
ptwikisource-20210918-categories.ttl.gz
ptwikiversity-20210918-categories.ttl.gz
ptwikivoyage-20210918-categories.ttl.gz
ptwiktionary-20210918-categories.ttl.gz
quwiki-20210918-categories.ttl.gz
quwiktionary-20210918-categories.ttl.gz
rmwiki-20210918-categories.ttl.gz
rmywiki-20210918-categories.ttl.gz
rnwiki-20210918-categories.ttl.gz
roa_rupwiki-20210918-categories.ttl.gz
roa_rupwiktionary-20210918-categories.ttl.gz
roa_tarawiki-20210918-categories.ttl.gz
romdwikimedia-20210918-categories.ttl.gz
rowiki-20210918-categories.ttl.gz
rowikibooks-20210918-categories.ttl.gz
rowikinews-20210918-categories.ttl.gz
rowikiquote-20210918-categories.ttl.gz
rowikisource-20210918-categories.ttl.gz
rowikivoyage-20210918-categories.ttl.gz
rowiktionary-20210918-categories.ttl.gz
rswikimedia-20210918-categories.ttl.gz
ruewiki-20210918-categories.ttl.gz
ruwiki-20210918-categories.ttl.gz
ruwikibooks-20210918-categories.ttl.gz
ruwikimedia-20210918-categories.ttl.gz
ruwikinews-20210918-categories.ttl.gz
ruwikiquote-20210918-categories.ttl.gz
ruwikisource-20210918-categories.ttl.gz
ruwikiversity-20210918-categories.ttl.gz
ruwikivoyage-20210918-categories.ttl.gz
ruwiktionary-20210918-categories.ttl.gz
rwwiki-20210918-categories.ttl.gz
rwwiktionary-20210918-categories.ttl.gz
sahwiki-20210918-categories.ttl.gz
sahwikisource-20210918-categories.ttl.gz
sawiki-20210918-categories.ttl.gz
sawikibooks-20210918-categories.ttl.gz
sawikiquote-20210918-categories.ttl.gz
sawikisource-20210918-categories.ttl.gz
sawiktionary-20210918-categories.ttl.gz
scnwiki-20210918-categories.ttl.gz
scnwiktionary-20210918-categories.ttl.gz
scowiki-20210918-categories.ttl.gz
scwiki-20210918-categories.ttl.gz
sdwiki-20210918-categories.ttl.gz
sdwiktionary-20210918-categories.ttl.gz
sewiki-20210918-categories.ttl.gz
sewikimedia-20210918-categories.ttl.gz
sgwiki-20210918-categories.ttl.gz
sgwiktionary-20210918-categories.ttl.gz
shwiki-20210918-categories.ttl.gz
shwiktionary-20210918-categories.ttl.gz
simplewiki-20210918-categories.ttl.gz
simplewiktionary-20210918-categories.ttl.gz
siwiki-20210918-categories.ttl.gz
siwikibooks-20210918-categories.ttl.gz
siwiktionary-20210918-categories.ttl.gz
skwiki-20210918-categories.ttl.gz
skwikibooks-20210918-categories.ttl.gz
skwikiquote-20210918-categories.ttl.gz
skwikisource-20210918-categories.ttl.gz
skwiktionary-20210918-categories.ttl.gz
slwiki-20210918-categories.ttl.gz
slwikibooks-20210918-categories.ttl.gz
slwikiquote-20210918-categories.ttl.gz
slwikisource-20210918-categories.ttl.gz
slwikiversity-20210918-categories.ttl.gz
slwiktionary-20210918-categories.ttl.gz
smwiki-20210918-categories.ttl.gz
smwiktionary-20210918-categories.ttl.gz
snwiki-20210918-categories.ttl.gz
sourceswiki-20210918-categories.ttl.gz
sowiki-20210918-categories.ttl.gz
sowiktionary-20210918-categories.ttl.gz
specieswiki-20210918-categories.ttl.gz
sqwiki-20210918-categories.ttl.gz
sqwikibooks-20210918-categories.ttl.gz
sqwikinews-20210918-categories.ttl.gz
sqwikiquote-20210918-categories.ttl.gz
sqwiktionary-20210918-categories.ttl.gz
srnwiki-20210918-categories.ttl.gz
srwiki-20210918-categories.ttl.gz
srwikibooks-20210918-categories.ttl.gz
srwikinews-20210918-categories.ttl.gz
srwikiquote-20210918-categories.ttl.gz
srwikisource-20210918-categories.ttl.gz
srwiktionary-20210918-categories.ttl.gz
sswiki-20210918-categories.ttl.gz
sswiktionary-20210918-categories.ttl.gz
stqwiki-20210918-categories.ttl.gz
stwiki-20210918-categories.ttl.gz
stwiktionary-20210918-categories.ttl.gz
suwiki-20210918-categories.ttl.gz
suwikiquote-20210918-categories.ttl.gz
suwiktionary-20210918-categories.ttl.gz
svwiki-20210918-categories.ttl.gz
svwikibooks-20210918-categories.ttl.gz
svwikinews-20210918-categories.ttl.gz
svwikiquote-20210918-categories.ttl.gz
svwikisource-20210918-categories.ttl.gz
svwikiversity-20210918-categories.ttl.gz
svwikivoyage-20210918-categories.ttl.gz
svwiktionary-20210918-categories.ttl.gz
swwiki-20210918-categories.ttl.gz
swwiktionary-20210918-categories.ttl.gz
szlwiki-20210918-categories.ttl.gz
tawiki-20210918-categories.ttl.gz
tawikibooks-20210918-categories.ttl.gz
tawikinews-20210918-categories.ttl.gz
tawikiquote-20210918-categories.ttl.gz
tawikisource-20210918-categories.ttl.gz
tawiktionary-20210918-categories.ttl.gz
tcywiki-20210918-categories.ttl.gz
test2wiki-20210918-categories.ttl.gz
testcommonswiki-20210918-categories.ttl.gz
testwiki-20210918-categories.ttl.gz
testwikidatawiki-20210918-categories.ttl.gz
tetwiki-20210918-categories.ttl.gz
tewiki-20210918-categories.ttl.gz
tewikibooks-20210918-categories.ttl.gz
tewikiquote-20210918-categories.ttl.gz
tewikisource-20210918-categories.ttl.gz
tewiktionary-20210918-categories.ttl.gz
tgwiki-20210918-categories.ttl.gz
tgwikibooks-20210918-categories.ttl.gz
tgwiktionary-20210918-categories.ttl.gz
thankyouwiki-20210918-categories.ttl.gz
thwiki-20210918-categories.ttl.gz
thwikibooks-20210918-categories.ttl.gz
thwikiquote-20210918-categories.ttl.gz
thwikisource-20210918-categories.ttl.gz
thwiktionary-20210918-categories.ttl.gz
tiwiki-20210918-categories.ttl.gz
tiwiktionary-20210918-categories.ttl.gz
tkwiki-20210918-categories.ttl.gz
tkwiktionary-20210918-categories.ttl.gz
tlwiki-20210918-categories.ttl.gz
tlwikibooks-20210918-categories.ttl.gz
tlwiktionary-20210918-categories.ttl.gz
tnwiki-20210918-categories.ttl.gz
tnwiktionary-20210918-categories.ttl.gz
towiki-20210918-categories.ttl.gz
tpiwiki-20210918-categories.ttl.gz
tpiwiktionary-20210918-categories.ttl.gz
trwiki-20210918-categories.ttl.gz
trwikibooks-20210918-categories.ttl.gz
trwikimedia-20210918-categories.ttl.gz
trwikinews-20210918-categories.ttl.gz
trwikiquote-20210918-categories.ttl.gz
trwikisource-20210918-categories.ttl.gz
trwiktionary-20210918-categories.ttl.gz
tswiki-20210918-categories.ttl.gz
tswiktionary-20210918-categories.ttl.gz
ttwiki-20210918-categories.ttl.gz
ttwikibooks-20210918-categories.ttl.gz
ttwiktionary-20210918-categories.ttl.gz
tumwiki-20210918-categories.ttl.gz
twwiki-20210918-categories.ttl.gz
tyvwiki-20210918-categories.ttl.gz
tywiki-20210918-categories.ttl.gz
uawikimedia-20210918-categories.ttl.gz
udmwiki-20210918-categories.ttl.gz
ugwiki-20210918-categories.ttl.gz
ugwiktionary-20210918-categories.ttl.gz
ukwiki-20210918-categories.ttl.gz
ukwikibooks-20210918-categories.ttl.gz
ukwikinews-20210918-categories.ttl.gz
ukwikiquote-20210918-categories.ttl.gz
ukwikisource-20210918-categories.ttl.gz
ukwikivoyage-20210918-categories.ttl.gz
ukwiktionary-20210918-categories.ttl.gz
urwiki-20210918-categories.ttl.gz
urwikibooks-20210918-categories.ttl.gz
urwikiquote-20210918-categories.ttl.gz
urwiktionary-20210918-categories.ttl.gz
uzwiki-20210918-categories.ttl.gz
uzwikiquote-20210918-categories.ttl.gz
uzwiktionary-20210918-categories.ttl.gz
vecwiki-20210918-categories.ttl.gz
vecwikisource-20210918-categories.ttl.gz
vecwiktionary-20210918-categories.ttl.gz
vepwiki-20210918-categories.ttl.gz
vewiki-20210918-categories.ttl.gz
viwiki-20210918-categories.ttl.gz
viwikibooks-20210918-categories.ttl.gz
viwikiquote-20210918-categories.ttl.gz
viwikisource-20210918-categories.ttl.gz
viwikivoyage-20210918-categories.ttl.gz
viwiktionary-20210918-categories.ttl.gz
vlswiki-20210918-categories.ttl.gz
votewiki-20210918-categories.ttl.gz
vowiki-20210918-categories.ttl.gz
vowiktionary-20210918-categories.ttl.gz
warwiki-20210918-categories.ttl.gz
wawiki-20210918-categories.ttl.gz
wawiktionary-20210918-categories.ttl.gz
wbwikimedia-20210918-categories.ttl.gz
wikidatawiki-20210918-categories.ttl.gz
wowiki-20210918-categories.ttl.gz
wowikiquote-20210918-categories.ttl.gz
wowiktionary-20210918-categories.ttl.gz
wuuwiki-20210918-categories.ttl.gz
xalwiki-20210918-categories.ttl.gz
xhwiki-20210918-categories.ttl.gz
xmfwiki-20210918-categories.ttl.gz
yiwiki-20210918-categories.ttl.gz
yiwikisource-20210918-categories.ttl.gz
yiwiktionary-20210918-categories.ttl.gz
yowiki-20210918-categories.ttl.gz
zawiki-20210918-categories.ttl.gz
zeawiki-20210918-categories.ttl.gz
zh_classicalwiki-20210918-categories.ttl.gz
zh_min_nanwiki-20210918-categories.ttl.gz
zh_min_nanwikisource-20210918-categories.ttl.gz
zh_min_nanwiktionary-20210918-categories.ttl.gz
zhwiki-20210918-categories.ttl.gz
zhwikibooks-20210918-categories.ttl.gz
zhwikinews-20210918-categories.ttl.gz
zhwikiquote-20210918-categories.ttl.gz
zhwikisource-20210918-categories.ttl.gz
zhwikivoyage-20210918-categories.ttl.gz
zhwiktionary-20210918-categories.ttl.gz
zh_yuewiki-20210918-categories.ttl.gz
zuwiki-20210918-categories.ttl.gz
zuwiktionary-20210918-categories.ttl.gz